


ARM Macro Assembler    Page 1 


    1 00000000                 AREA             RESET, DATA, READONLY
    2 00000000                 EXPORT           __Vectors
    3 00000000         
    4 00000000         __Vectors
    5 00000000 10001000        DCD              0x10001000  ; Initial Stack Poi
                                                            nter
    6 00000004 00000000        DCD              Reset_Handler ; Reset Handler
    7 00000008                 ALIGN
    8 00000008                 AREA             mycode, CODE, READONLY
    9 00000000                 ENTRY
   10 00000000                 EXPORT           Reset_Handler
   11 00000000         
   12 00000000         Reset_Handler
   13 00000000 4E0B            LDR              R6,=DST
   14 00000002 480C            LDR              R0,=NUM
   15 00000004 6800            LDR              R0,[R0]
   16 00000006 F04F 0201       MOV              R2,#1
   17 0000000A F04F 0101       MOV              R1,#1
   18 0000000E B402            PUSH{R1}
   19 00000010 B404            PUSH{R2}
   20 00000012 F000 F802       BL               FEB
   21 00000016         
   22 00000016         DONE
   23 00000016 6033            STR              R3,[R6]
   24 00000018         
   25 00000018         STOP
   26 00000018 E7FE            B                STOP
   27 0000001A         
   28 0000001A         FEB
   29 0000001A BC04            POP{R2}
   30 0000001C BC02            POP{R1}
   31 0000001E EB01 0302       ADD              R3,R1,R2
   32 00000022 B40A            PUSH{R3,R1}
   33 00000024 3801            SUBS             R0,#1
   34 00000026 D0F6            BEQ              DONE
   35 00000028 F7FF FFF7       BL               FEB
   36 0000002C         
   37 0000002C 00000005 
                       NUM     DCD              5
   38 00000030 00000000 
              00000000         AREA             mydata, DATA, READWRITE
   39 00000000 00000000 
                       DST     DCD              0
   40 00000004                 END
Command Line: --debug --xref --cpu=Cortex-M3 --apcs=interwork --depend=q3-fibon
acci.d -oq3-fibonacci.o -IC:\Keil\ARM\RV31\INC -IC:\Keil\ARM\CMSIS\Include -IC:
\Keil\ARM\Inc\NXP\LPC17xx --predefine="__EVAL SETA 1" --list=q3-fibonacci.lst q
3-fibonacci.asm



ARM Macro Assembler    Page 1 Alphabetic symbol ordering
Relocatable symbols

RESET 00000000

Symbol: RESET
   Definitions
      At line 1 in file q3-fibonacci.asm
   Uses
      None
Comment: RESET unused
__Vectors 00000000

Symbol: __Vectors
   Definitions
      At line 4 in file q3-fibonacci.asm
   Uses
      At line 2 in file q3-fibonacci.asm
Comment: __Vectors used once
2 symbols



ARM Macro Assembler    Page 1 Alphabetic symbol ordering
Relocatable symbols

DONE 00000016

Symbol: DONE
   Definitions
      At line 22 in file q3-fibonacci.asm
   Uses
      At line 34 in file q3-fibonacci.asm
Comment: DONE used once
FEB 0000001A

Symbol: FEB
   Definitions
      At line 28 in file q3-fibonacci.asm
   Uses
      At line 20 in file q3-fibonacci.asm
      At line 35 in file q3-fibonacci.asm

NUM 0000002C

Symbol: NUM
   Definitions
      At line 37 in file q3-fibonacci.asm
   Uses
      At line 14 in file q3-fibonacci.asm
Comment: NUM used once
Reset_Handler 00000000

Symbol: Reset_Handler
   Definitions
      At line 12 in file q3-fibonacci.asm
   Uses
      At line 6 in file q3-fibonacci.asm
      At line 10 in file q3-fibonacci.asm

STOP 00000018

Symbol: STOP
   Definitions
      At line 25 in file q3-fibonacci.asm
   Uses
      At line 26 in file q3-fibonacci.asm
Comment: STOP used once
mycode 00000000

Symbol: mycode
   Definitions
      At line 8 in file q3-fibonacci.asm
   Uses
      None
Comment: mycode unused
6 symbols



ARM Macro Assembler    Page 1 Alphabetic symbol ordering
Relocatable symbols

DST 00000000

Symbol: DST
   Definitions
      At line 39 in file q3-fibonacci.asm
   Uses
      At line 13 in file q3-fibonacci.asm
Comment: DST used once
mydata 00000000

Symbol: mydata
   Definitions
      At line 38 in file q3-fibonacci.asm
   Uses
      None
Comment: mydata unused
2 symbols
343 symbols in table
