


ARM Macro Assembler    Page 1 


    1 00000000                 AREA             RESET, DATA, READONLY
    2 00000000                 EXPORT           __Vectors
    3 00000000         
    4 00000000         __Vectors
    5 00000000 10001000        DCD              0x10001000
    6 00000004 00000000        DCD              Reset_Handler
    7 00000008                 ALIGN
    8 00000008                 AREA             mycode,CODE,READONLY
    9 00000000                 ENTRY
   10 00000000                 EXPORT           Reset_Handler
   11 00000000         
   12 00000000         Reset_Handler
   13 00000000 F04F 0408       MOV              R4, #8
   14 00000004 4809            LDR              R0, =NUM
   15 00000006 F8DF A028       LDR              R10, =DST
   16 0000000A 6801            LDR              R1, [R0]
   17 0000000C         
   18 0000000C F001 020F 
                       UP      AND              R2, R1, #0x0F
   19 00000010 2A0A            CMP              R2, #0x0A
   20 00000012 BF28 3207       ADDCS            R2, #07
   21 00000016 F102 0230       ADD              R2, #0x30
   22 0000001A F84A 2B01       STR              R2, [R10], #1
   23 0000001E EA4F 1111       LSR              R1, #4
   24 00000022 3C01            SUBS             R4, #1
   25 00000024 D1F2            BNE              UP
   26 00000026         
   27 00000026         STOP
   28 00000026 E7FE            B                STOP
   29 00000028         
   30 00000028 ABCD4321 
                       NUM     DCD              0xABCD4321
   31 0000002C 00000000 
              00000000         AREA             mydata, DATA, READWRITE
   32 00000000 00000000 
                       DST     DCD              0
   33 00000004                 END
Command Line: --debug --xref --cpu=Cortex-M3 --apcs=interwork --depend=q1-hex_t
o_ascii.d -oq1-hex_to_ascii.o -IC:\Keil\ARM\RV31\INC -IC:\Keil\ARM\CMSIS\Includ
e -IC:\Keil\ARM\Inc\NXP\LPC17xx --predefine="__EVAL SETA 1" --list=q1-hex_to_as
cii.lst q1-hex_to_ascii.asm



ARM Macro Assembler    Page 1 Alphabetic symbol ordering
Relocatable symbols

RESET 00000000

Symbol: RESET
   Definitions
      At line 1 in file q1-hex_to_ascii.asm
   Uses
      None
Comment: RESET unused
__Vectors 00000000

Symbol: __Vectors
   Definitions
      At line 4 in file q1-hex_to_ascii.asm
   Uses
      At line 2 in file q1-hex_to_ascii.asm
Comment: __Vectors used once
2 symbols



ARM Macro Assembler    Page 1 Alphabetic symbol ordering
Relocatable symbols

NUM 00000028

Symbol: NUM
   Definitions
      At line 30 in file q1-hex_to_ascii.asm
   Uses
      At line 14 in file q1-hex_to_ascii.asm
Comment: NUM used once
Reset_Handler 00000000

Symbol: Reset_Handler
   Definitions
      At line 12 in file q1-hex_to_ascii.asm
   Uses
      At line 6 in file q1-hex_to_ascii.asm
      At line 10 in file q1-hex_to_ascii.asm

STOP 00000026

Symbol: STOP
   Definitions
      At line 27 in file q1-hex_to_ascii.asm
   Uses
      At line 28 in file q1-hex_to_ascii.asm
Comment: STOP used once
UP 0000000C

Symbol: UP
   Definitions
      At line 18 in file q1-hex_to_ascii.asm
   Uses
      At line 25 in file q1-hex_to_ascii.asm
Comment: UP used once
mycode 00000000

Symbol: mycode
   Definitions
      At line 8 in file q1-hex_to_ascii.asm
   Uses
      None
Comment: mycode unused
5 symbols



ARM Macro Assembler    Page 1 Alphabetic symbol ordering
Relocatable symbols

DST 00000000

Symbol: DST
   Definitions
      At line 32 in file q1-hex_to_ascii.asm
   Uses
      At line 15 in file q1-hex_to_ascii.asm
Comment: DST used once
mydata 00000000

Symbol: mydata
   Definitions
      At line 31 in file q1-hex_to_ascii.asm
   Uses
      None
Comment: mydata unused
2 symbols
342 symbols in table
