


ARM Macro Assembler    Page 1 


    1 00000000                 AREA             RESET, DATA, READONLY
    2 00000000                 EXPORT           __Vectors
    3 00000000         
    4 00000000         __Vectors
    5 00000000 10001000        DCD              0x10001000
    6 00000004 00000000        DCD              Reset_Handler
    7 00000008                 ALIGN
    8 00000008                 AREA             mycode,CODE,READONLY
    9 00000000                 ENTRY
   10 00000000                 EXPORT           Reset_Handler
   11 00000000         
   12 00000000         Reset_Handler
   13 00000000 F04F 0404       MOV              R4, #4
   14 00000004 4815            LDR              R0, =NUM
   15 00000006 F8DF A058       LDR              R10, =DST
   16 0000000A 6801            LDR              R1, [R0]
   17 0000000C         
   18 0000000C F001 02FF 
                       UP      AND              R2, R1, #0xFF
   19 00000010 2A40            CMP              R2, #0x40
   20 00000012 BF88 3A07       SUBHI            R2, #07
   21 00000016 F1A2 0230       SUB              R2, #0x30
   22 0000001A 4415            ADD              R5, R2
   23 0000001C EA4F 7535       ROR              R5, #28
   24 00000020 EA4F 2111       LSR              R1, #8
   25 00000024 3C01            SUBS             R4, #1
   26 00000026 D1F1            BNE              UP
   27 00000028         
   28 00000028 6841            LDR              R1, [R0, #4]
   29 0000002A F04F 0404       MOV              R4, #4
   30 0000002E         
   31 0000002E F001 02FF 
                       UP2     AND              R2, R1, #0xFF
   32 00000032 2A40            CMP              R2, #0x40
   33 00000034 BF88 3A07       SUBHI            R2, #07
   34 00000038 F1A2 0230       SUB              R2, #0x30
   35 0000003C 4415            ADD              R5, R2
   36 0000003E EA4F 7535       ROR              R5, #28
   37 00000042 EA4F 2111       LSR              R1, #8
   38 00000046 3C01            SUBS             R4, #1
   39 00000048 D1F1            BNE              UP2
   40 0000004A         
   41 0000004A EA4F 1535       ROR              R5, #4
   42 0000004E F8CA 5000       STR              R5, [R10]
   43 00000052         
   44 00000052         STOP
   45 00000052 E7FE            B                STOP
   46 00000054         
   47 00000054 31433839 
              45303236 NUM     DCD              0x31433839, 0x45303236
   48 0000005C 00000000 
              00000000         AREA             mydata, DATA, READWRITE
   49 00000000 00000000 
                       DST     DCD              0
   50 00000004                 END
Command Line: --debug --xref --cpu=Cortex-M3 --apcs=interwork --depend=q2-ascii
_to_hex.d -oq2-ascii_to_hex.o -IC:\Keil\ARM\RV31\INC -IC:\Keil\ARM\CMSIS\Includ
e -IC:\Keil\ARM\Inc\NXP\LPC17xx --predefine="__EVAL SETA 1" --list=q2-ascii_to_
hex.lst q2-ascii_to_hex.asm



ARM Macro Assembler    Page 1 Alphabetic symbol ordering
Relocatable symbols

RESET 00000000

Symbol: RESET
   Definitions
      At line 1 in file q2-ascii_to_hex.asm
   Uses
      None
Comment: RESET unused
__Vectors 00000000

Symbol: __Vectors
   Definitions
      At line 4 in file q2-ascii_to_hex.asm
   Uses
      At line 2 in file q2-ascii_to_hex.asm
Comment: __Vectors used once
2 symbols



ARM Macro Assembler    Page 1 Alphabetic symbol ordering
Relocatable symbols

NUM 00000054

Symbol: NUM
   Definitions
      At line 47 in file q2-ascii_to_hex.asm
   Uses
      At line 14 in file q2-ascii_to_hex.asm
Comment: NUM used once
Reset_Handler 00000000

Symbol: Reset_Handler
   Definitions
      At line 12 in file q2-ascii_to_hex.asm
   Uses
      At line 6 in file q2-ascii_to_hex.asm
      At line 10 in file q2-ascii_to_hex.asm

STOP 00000052

Symbol: STOP
   Definitions
      At line 44 in file q2-ascii_to_hex.asm
   Uses
      At line 45 in file q2-ascii_to_hex.asm
Comment: STOP used once
UP 0000000C

Symbol: UP
   Definitions
      At line 18 in file q2-ascii_to_hex.asm
   Uses
      At line 26 in file q2-ascii_to_hex.asm
Comment: UP used once
UP2 0000002E

Symbol: UP2
   Definitions
      At line 31 in file q2-ascii_to_hex.asm
   Uses
      At line 39 in file q2-ascii_to_hex.asm
Comment: UP2 used once
mycode 00000000

Symbol: mycode
   Definitions
      At line 8 in file q2-ascii_to_hex.asm
   Uses
      None
Comment: mycode unused
6 symbols



ARM Macro Assembler    Page 1 Alphabetic symbol ordering
Relocatable symbols

DST 00000000

Symbol: DST
   Definitions
      At line 49 in file q2-ascii_to_hex.asm
   Uses
      At line 15 in file q2-ascii_to_hex.asm
Comment: DST used once
mydata 00000000

Symbol: mydata
   Definitions
      At line 48 in file q2-ascii_to_hex.asm
   Uses
      None
Comment: mydata unused
2 symbols
343 symbols in table
